Archive member included because of file (symbol)

/Users/tmsasala/Development/personal/arduino/lib/Release/libDiecimilaCore.a(wiring.o)
                              ./IoShield.o (delay)
/Users/tmsasala/Development/personal/arduino/lib/Release/libDiecimilaCore.a(wiring_digital.o)
                              ./IoShield.o (digitalWrite)
/Users/tmsasala/Development/personal/arduino/lib/Release/libDiecimilaCore.a(pins_arduino.o)
                              /Users/tmsasala/Development/personal/arduino/lib/Release/libDiecimilaCore.a(wiring_digital.o) (port_to_mode_PGM)
/usr/local/CrossPack-AVR-20090415/lib/gcc/avr/4.3.2/avr5/libgcc.a(_exit.o)
                              /usr/local/CrossPack-AVR-20090415/lib/gcc/avr/4.3.2/../../../../avr/lib/avr5/crtm328p.o (exit)
/usr/local/CrossPack-AVR-20090415/lib/gcc/avr/4.3.2/avr5/libgcc.a(_clear_bss.o)
                              /Users/tmsasala/Development/personal/arduino/lib/Release/libDiecimilaCore.a(wiring.o) (__do_clear_bss)

Memory Configuration

Name             Origin             Length             Attributes
text             0x00000000         0x00020000         xr
data             0x00800060         0x0000ffa0         rw !x
eeprom           0x00810000         0x00010000         rw !x
fuse             0x00820000         0x00000400         rw !x
lock             0x00830000         0x00000400         rw !x
signature        0x00840000         0x00000400         rw !x
*default*        0x00000000         0xffffffff

Linker script and memory map

Address of section .data set to 0x800100
LOAD /usr/local/CrossPack-AVR-20090415/lib/gcc/avr/4.3.2/../../../../avr/lib/avr5/crtm328p.o
LOAD ./IoShield.o
LOAD /Users/tmsasala/Development/personal/arduino/lib/Release/libDiecimilaCore.a
LOAD /usr/local/CrossPack-AVR-20090415/lib/gcc/avr/4.3.2/avr5/libgcc.a
LOAD /usr/local/CrossPack-AVR-20090415/lib/gcc/avr/4.3.2/../../../../avr/lib/avr5/libm.a
LOAD /usr/local/CrossPack-AVR-20090415/lib/gcc/avr/4.3.2/avr5/libgcc.a
LOAD /usr/local/CrossPack-AVR-20090415/lib/gcc/avr/4.3.2/../../../../avr/lib/avr5/libc.a
LOAD /usr/local/CrossPack-AVR-20090415/lib/gcc/avr/4.3.2/avr5/libgcc.a

.hash
 *(.hash)

.dynsym
 *(.dynsym)

.dynstr
 *(.dynstr)

.gnu.version
 *(.gnu.version)

.gnu.version_d
 *(.gnu.version_d)

.gnu.version_r
 *(.gnu.version_r)

.rel.init
 *(.rel.init)

.rela.init
 *(.rela.init)

.rel.text
 *(.rel.text)
 *(.rel.text.*)
 *(.rel.gnu.linkonce.t*)

.rela.text
 *(.rela.text)
 *(.rela.text.*)
 *(.rela.gnu.linkonce.t*)

.rel.fini
 *(.rel.fini)

.rela.fini
 *(.rela.fini)

.rel.rodata
 *(.rel.rodata)
 *(.rel.rodata.*)
 *(.rel.gnu.linkonce.r*)

.rela.rodata
 *(.rela.rodata)
 *(.rela.rodata.*)
 *(.rela.gnu.linkonce.r*)

.rel.data
 *(.rel.data)
 *(.rel.data.*)
 *(.rel.gnu.linkonce.d*)

.rela.data
 *(.rela.data)
 *(.rela.data.*)
 *(.rela.gnu.linkonce.d*)

.rel.ctors
 *(.rel.ctors)

.rela.ctors
 *(.rela.ctors)

.rel.dtors
 *(.rel.dtors)

.rela.dtors
 *(.rela.dtors)

.rel.got
 *(.rel.got)

.rela.got
 *(.rela.got)

.rel.bss
 *(.rel.bss)

.rela.bss
 *(.rela.bss)

.rel.plt
 *(.rel.plt)

.rela.plt
 *(.rela.plt)

.text           0x00000000      0x8d8
 *(.vectors)
 .vectors       0x00000000       0x68 /usr/local/CrossPack-AVR-20090415/lib/gcc/avr/4.3.2/../../../../avr/lib/avr5/crtm328p.o
                0x00000000                __vectors
                0x00000000                __vector_default
 *(.vectors)
 *(.progmem.gcc*)
 *(.progmem*)
 .progmem.data  0x00000068       0x5a /Users/tmsasala/Development/personal/arduino/lib/Release/libDiecimilaCore.a(pins_arduino.o)
                0x00000068                port_to_mode_PGM
                0x00000086                digital_pin_to_port_PGM
                0x0000009a                digital_pin_to_bit_mask_PGM
                0x00000072                port_to_output_PGM
                0x0000007c                port_to_input_PGM
                0x000000ae                digital_pin_to_timer_PGM
                0x000000c2                . = ALIGN (0x2)
                0x000000c2                __trampolines_start = .
 *(.trampolines)
 .trampolines   0x000000c2        0x0 linker stubs
 *(.trampolines*)
                0x000000c2                __trampolines_end = .
 *(.jumptables)
 *(.jumptables*)
 *(.lowtext)
 *(.lowtext*)
                0x000000c2                __ctors_start = .
 *(.ctors)
                0x000000c2                __ctors_end = .
                0x000000c2                __dtors_start = .
 *(.dtors)
                0x000000c2                __dtors_end = .
 SORT(*)(.ctors)
 SORT(*)(.dtors)
 *(.init0)
 .init0         0x000000c2        0x0 /usr/local/CrossPack-AVR-20090415/lib/gcc/avr/4.3.2/../../../../avr/lib/avr5/crtm328p.o
                0x000000c2                __init
 *(.init0)
 *(.init1)
 *(.init1)
 *(.init2)
 .init2         0x000000c2        0xc /usr/local/CrossPack-AVR-20090415/lib/gcc/avr/4.3.2/../../../../avr/lib/avr5/crtm328p.o
 *(.init2)
 *(.init3)
 *(.init3)
 *(.init4)
 .init4         0x000000ce       0x10 /usr/local/CrossPack-AVR-20090415/lib/gcc/avr/4.3.2/avr5/libgcc.a(_clear_bss.o)
                0x000000ce                __do_clear_bss
 *(.init4)
 *(.init5)
 *(.init5)
 *(.init6)
 *(.init6)
 *(.init7)
 *(.init7)
 *(.init8)
 *(.init8)
 *(.init9)
 .init9         0x000000de        0x8 /usr/local/CrossPack-AVR-20090415/lib/gcc/avr/4.3.2/../../../../avr/lib/avr5/crtm328p.o
 *(.init9)
 *(.text)
 .text          0x000000e6        0x4 /usr/local/CrossPack-AVR-20090415/lib/gcc/avr/4.3.2/../../../../avr/lib/avr5/crtm328p.o
                0x000000e6                __vector_22
                0x000000e6                __vector_1
                0x000000e6                __vector_24
                0x000000e6                __vector_12
                0x000000e6                __bad_interrupt
                0x000000e6                __vector_6
                0x000000e6                __vector_3
                0x000000e6                __vector_23
                0x000000e6                __vector_25
                0x000000e6                __vector_11
                0x000000e6                __vector_13
                0x000000e6                __vector_17
                0x000000e6                __vector_19
                0x000000e6                __vector_7
                0x000000e6                __vector_5
                0x000000e6                __vector_4
                0x000000e6                __vector_9
                0x000000e6                __vector_2
                0x000000e6                __vector_21
                0x000000e6                __vector_15
                0x000000e6                __vector_8
                0x000000e6                __vector_14
                0x000000e6                __vector_10
                0x000000e6                __vector_18
                0x000000e6                __vector_20
 .text          0x000000ea      0x48c ./IoShield.o
                0x0000023c                IoShield::set_direction_output()
                0x000000ea                IoShield::IoShield()
                0x0000027c                IoShield::shift_output(unsigned char, unsigned char, unsigned char, unsigned char, unsigned char, unsigned char, int)
                0x0000025c                IoShield::set_direction_input()
                0x00000326                IoShield::bounce_output(unsigned char, unsigned char, unsigned char, int)
                0x000001f6                IoShield::write_value(unsigned char, unsigned char)
                0x00000150                IoShield::write_address(unsigned char)
                0x0000010a                IoShield::initialize_ports()
                0x0000040e                IoShield::test_output_ports()
                0x000001c4                IoShield::read_value(unsigned char)
                0x000000fa                IoShield::IoShield()
                0x00000134                IoShield::toggle_address_enable()
                0x00000140                IoShield::set_address_enable(unsigned char)
                0x0000015c                IoShield::set_port_direction(unsigned char)
 .text          0x00000576      0x1e6 /Users/tmsasala/Development/personal/arduino/lib/Release/libDiecimilaCore.a(wiring.o)
                0x000006e8                init
                0x00000622                micros
                0x00000678                delay
                0x00000576                __vector_16
                0x00000606                millis
                0x000006cc                delayMicroseconds
 .text          0x0000075c      0x178 /Users/tmsasala/Development/personal/arduino/lib/Release/libDiecimilaCore.a(wiring_digital.o)
                0x00000836                digitalRead
                0x0000079c                digitalWrite
                0x0000075c                pinMode
 .text          0x000008d4        0x0 /Users/tmsasala/Development/personal/arduino/lib/Release/libDiecimilaCore.a(pins_arduino.o)
 .text          0x000008d4        0x0 /usr/local/CrossPack-AVR-20090415/lib/gcc/avr/4.3.2/avr5/libgcc.a(_exit.o)
 .text          0x000008d4        0x0 /usr/local/CrossPack-AVR-20090415/lib/gcc/avr/4.3.2/avr5/libgcc.a(_clear_bss.o)
                0x000008d4                . = ALIGN (0x2)
 *(.text.*)
 .text.libgcc   0x000008d4        0x0 /usr/local/CrossPack-AVR-20090415/lib/gcc/avr/4.3.2/avr5/libgcc.a(_exit.o)
 .text.libgcc   0x000008d4        0x0 /usr/local/CrossPack-AVR-20090415/lib/gcc/avr/4.3.2/avr5/libgcc.a(_clear_bss.o)
                0x000008d4                . = ALIGN (0x2)
 *(.fini9)
 .fini9         0x000008d4        0x0 /usr/local/CrossPack-AVR-20090415/lib/gcc/avr/4.3.2/avr5/libgcc.a(_exit.o)
                0x000008d4                exit
                0x000008d4                _exit
 *(.fini9)
 *(.fini8)
 *(.fini8)
 *(.fini7)
 *(.fini7)
 *(.fini6)
 *(.fini6)
 *(.fini5)
 *(.fini5)
 *(.fini4)
 *(.fini4)
 *(.fini3)
 *(.fini3)
 *(.fini2)
 *(.fini2)
 *(.fini1)
 *(.fini1)
 *(.fini0)
 .fini0         0x000008d4        0x4 /usr/local/CrossPack-AVR-20090415/lib/gcc/avr/4.3.2/avr5/libgcc.a(_exit.o)
 *(.fini0)
                0x000008d8                _etext = .

.data           0x00800100        0x0 load address 0x000008d8
                0x00800100                PROVIDE (__data_start, .)
 *(.data)
 .data          0x00800100        0x0 /usr/local/CrossPack-AVR-20090415/lib/gcc/avr/4.3.2/../../../../avr/lib/avr5/crtm328p.o
 .data          0x00800100        0x0 ./IoShield.o
 .data          0x00800100        0x0 /Users/tmsasala/Development/personal/arduino/lib/Release/libDiecimilaCore.a(wiring.o)
 .data          0x00800100        0x0 /Users/tmsasala/Development/personal/arduino/lib/Release/libDiecimilaCore.a(wiring_digital.o)
 .data          0x00800100        0x0 /Users/tmsasala/Development/personal/arduino/lib/Release/libDiecimilaCore.a(pins_arduino.o)
 .data          0x00800100        0x0 /usr/local/CrossPack-AVR-20090415/lib/gcc/avr/4.3.2/avr5/libgcc.a(_exit.o)
 .data          0x00800100        0x0 /usr/local/CrossPack-AVR-20090415/lib/gcc/avr/4.3.2/avr5/libgcc.a(_clear_bss.o)
 *(.data*)
 *(.rodata)
 *(.rodata*)
 *(.gnu.linkonce.d*)
                0x00800100                . = ALIGN (0x2)
                0x00800100                _edata = .
                0x00800100                PROVIDE (__data_end, .)

.bss            0x00800100        0x9
                0x00800100                PROVIDE (__bss_start, .)
 *(.bss)
 .bss           0x00800100        0x0 /usr/local/CrossPack-AVR-20090415/lib/gcc/avr/4.3.2/../../../../avr/lib/avr5/crtm328p.o
 .bss           0x00800100        0x0 ./IoShield.o
 .bss           0x00800100        0x9 /Users/tmsasala/Development/personal/arduino/lib/Release/libDiecimilaCore.a(wiring.o)
                0x00800100                timer0_overflow_count
                0x00800104                timer0_millis
 .bss           0x00800109        0x0 /Users/tmsasala/Development/personal/arduino/lib/Release/libDiecimilaCore.a(wiring_digital.o)
 .bss           0x00800109        0x0 /Users/tmsasala/Development/personal/arduino/lib/Release/libDiecimilaCore.a(pins_arduino.o)
 .bss           0x00800109        0x0 /usr/local/CrossPack-AVR-20090415/lib/gcc/avr/4.3.2/avr5/libgcc.a(_exit.o)
 .bss           0x00800109        0x0 /usr/local/CrossPack-AVR-20090415/lib/gcc/avr/4.3.2/avr5/libgcc.a(_clear_bss.o)
 *(.bss*)
 *(COMMON)
                0x00800109                PROVIDE (__bss_end, .)
                0x000008d8                __data_load_start = LOADADDR (.data)
                0x000008d8                __data_load_end = (__data_load_start + SIZEOF (.data))

.noinit         0x00800109        0x0
                0x00800109                PROVIDE (__noinit_start, .)
 *(.noinit*)
                0x00800109                PROVIDE (__noinit_end, .)
                0x00800109                _end = .
                0x00800109                PROVIDE (__heap_start, .)

.eeprom         0x00810000        0x0
 *(.eeprom*)
                0x00810000                __eeprom_end = .

.fuse
 *(.fuse)
 *(.lfuse)
 *(.hfuse)
 *(.efuse)

.lock
 *(.lock*)

.signature
 *(.signature*)

.stab
 *(.stab)

.stabstr
 *(.stabstr)

.stab.excl
 *(.stab.excl)

.stab.exclstr
 *(.stab.exclstr)

.stab.index
 *(.stab.index)

.stab.indexstr
 *(.stab.indexstr)

.comment
 *(.comment)

.debug
 *(.debug)

.line
 *(.line)

.debug_srcinfo
 *(.debug_srcinfo)

.debug_sfnames
 *(.debug_sfnames)

.debug_aranges
 *(.debug_aranges)

.debug_pubnames
 *(.debug_pubnames)

.debug_info
 *(.debug_info)
 *(.gnu.linkonce.wi.*)

.debug_abbrev
 *(.debug_abbrev)

.debug_line
 *(.debug_line)

.debug_frame
 *(.debug_frame)

.debug_str
 *(.debug_str)

.debug_loc
 *(.debug_loc)

.debug_macinfo
 *(.debug_macinfo)
OUTPUT(IoShieldLib.elf elf32-avr)
LOAD linker stubs

Cross Reference Table

Symbol                                            File
IoShield::IoShield()                              ./IoShield.o
IoShield::IoShield()                              ./IoShield.o
IoShield::bounce_output(unsigned char, unsigned char, unsigned char, int) ./IoShield.o
IoShield::initialize_ports()                      ./IoShield.o
IoShield::read_value(unsigned char)               ./IoShield.o
IoShield::set_address_enable(unsigned char)       ./IoShield.o
IoShield::set_direction_input()                   ./IoShield.o
IoShield::set_direction_output()                  ./IoShield.o
IoShield::set_port_direction(unsigned char)       ./IoShield.o
IoShield::shift_output(unsigned char, unsigned char, unsigned char, unsigned char, unsigned char, unsigned char, int) ./IoShield.o
IoShield::test_output_ports()                     ./IoShield.o
IoShield::toggle_address_enable()                 ./IoShield.o
IoShield::write_address(unsigned char)            ./IoShield.o
IoShield::write_value(unsigned char, unsigned char) ./IoShield.o
__bad_interrupt                                   /usr/local/CrossPack-AVR-20090415/lib/gcc/avr/4.3.2/../../../../avr/lib/avr5/crtm328p.o
__bss_end                                         /usr/local/CrossPack-AVR-20090415/lib/gcc/avr/4.3.2/avr5/libgcc.a(_clear_bss.o)
__bss_start                                       /usr/local/CrossPack-AVR-20090415/lib/gcc/avr/4.3.2/avr5/libgcc.a(_clear_bss.o)
__do_clear_bss                                    /usr/local/CrossPack-AVR-20090415/lib/gcc/avr/4.3.2/avr5/libgcc.a(_clear_bss.o)
                                                  /Users/tmsasala/Development/personal/arduino/lib/Release/libDiecimilaCore.a(wiring.o)
__heap_end                                        /usr/local/CrossPack-AVR-20090415/lib/gcc/avr/4.3.2/../../../../avr/lib/avr5/crtm328p.o
__init                                            /usr/local/CrossPack-AVR-20090415/lib/gcc/avr/4.3.2/../../../../avr/lib/avr5/crtm328p.o
__stack                                           /usr/local/CrossPack-AVR-20090415/lib/gcc/avr/4.3.2/../../../../avr/lib/avr5/crtm328p.o
__vector_1                                        /usr/local/CrossPack-AVR-20090415/lib/gcc/avr/4.3.2/../../../../avr/lib/avr5/crtm328p.o
__vector_10                                       /usr/local/CrossPack-AVR-20090415/lib/gcc/avr/4.3.2/../../../../avr/lib/avr5/crtm328p.o
__vector_11                                       /usr/local/CrossPack-AVR-20090415/lib/gcc/avr/4.3.2/../../../../avr/lib/avr5/crtm328p.o
__vector_12                                       /usr/local/CrossPack-AVR-20090415/lib/gcc/avr/4.3.2/../../../../avr/lib/avr5/crtm328p.o
__vector_13                                       /usr/local/CrossPack-AVR-20090415/lib/gcc/avr/4.3.2/../../../../avr/lib/avr5/crtm328p.o
__vector_14                                       /usr/local/CrossPack-AVR-20090415/lib/gcc/avr/4.3.2/../../../../avr/lib/avr5/crtm328p.o
__vector_15                                       /usr/local/CrossPack-AVR-20090415/lib/gcc/avr/4.3.2/../../../../avr/lib/avr5/crtm328p.o
__vector_16                                       /Users/tmsasala/Development/personal/arduino/lib/Release/libDiecimilaCore.a(wiring.o)
                                                  /usr/local/CrossPack-AVR-20090415/lib/gcc/avr/4.3.2/../../../../avr/lib/avr5/crtm328p.o
__vector_17                                       /usr/local/CrossPack-AVR-20090415/lib/gcc/avr/4.3.2/../../../../avr/lib/avr5/crtm328p.o
__vector_18                                       /usr/local/CrossPack-AVR-20090415/lib/gcc/avr/4.3.2/../../../../avr/lib/avr5/crtm328p.o
__vector_19                                       /usr/local/CrossPack-AVR-20090415/lib/gcc/avr/4.3.2/../../../../avr/lib/avr5/crtm328p.o
__vector_2                                        /usr/local/CrossPack-AVR-20090415/lib/gcc/avr/4.3.2/../../../../avr/lib/avr5/crtm328p.o
__vector_20                                       /usr/local/CrossPack-AVR-20090415/lib/gcc/avr/4.3.2/../../../../avr/lib/avr5/crtm328p.o
__vector_21                                       /usr/local/CrossPack-AVR-20090415/lib/gcc/avr/4.3.2/../../../../avr/lib/avr5/crtm328p.o
__vector_22                                       /usr/local/CrossPack-AVR-20090415/lib/gcc/avr/4.3.2/../../../../avr/lib/avr5/crtm328p.o
__vector_23                                       /usr/local/CrossPack-AVR-20090415/lib/gcc/avr/4.3.2/../../../../avr/lib/avr5/crtm328p.o
__vector_24                                       /usr/local/CrossPack-AVR-20090415/lib/gcc/avr/4.3.2/../../../../avr/lib/avr5/crtm328p.o
__vector_25                                       /usr/local/CrossPack-AVR-20090415/lib/gcc/avr/4.3.2/../../../../avr/lib/avr5/crtm328p.o
__vector_3                                        /usr/local/CrossPack-AVR-20090415/lib/gcc/avr/4.3.2/../../../../avr/lib/avr5/crtm328p.o
__vector_4                                        /usr/local/CrossPack-AVR-20090415/lib/gcc/avr/4.3.2/../../../../avr/lib/avr5/crtm328p.o
__vector_5                                        /usr/local/CrossPack-AVR-20090415/lib/gcc/avr/4.3.2/../../../../avr/lib/avr5/crtm328p.o
__vector_6                                        /usr/local/CrossPack-AVR-20090415/lib/gcc/avr/4.3.2/../../../../avr/lib/avr5/crtm328p.o
__vector_7                                        /usr/local/CrossPack-AVR-20090415/lib/gcc/avr/4.3.2/../../../../avr/lib/avr5/crtm328p.o
__vector_8                                        /usr/local/CrossPack-AVR-20090415/lib/gcc/avr/4.3.2/../../../../avr/lib/avr5/crtm328p.o
__vector_9                                        /usr/local/CrossPack-AVR-20090415/lib/gcc/avr/4.3.2/../../../../avr/lib/avr5/crtm328p.o
__vector_default                                  /usr/local/CrossPack-AVR-20090415/lib/gcc/avr/4.3.2/../../../../avr/lib/avr5/crtm328p.o
__vectors                                         /usr/local/CrossPack-AVR-20090415/lib/gcc/avr/4.3.2/../../../../avr/lib/avr5/crtm328p.o
_exit                                             /usr/local/CrossPack-AVR-20090415/lib/gcc/avr/4.3.2/avr5/libgcc.a(_exit.o)
delay                                             /Users/tmsasala/Development/personal/arduino/lib/Release/libDiecimilaCore.a(wiring.o)
                                                  ./IoShield.o
delayMicroseconds                                 /Users/tmsasala/Development/personal/arduino/lib/Release/libDiecimilaCore.a(wiring.o)
digitalRead                                       /Users/tmsasala/Development/personal/arduino/lib/Release/libDiecimilaCore.a(wiring_digital.o)
digitalWrite                                      /Users/tmsasala/Development/personal/arduino/lib/Release/libDiecimilaCore.a(wiring_digital.o)
                                                  ./IoShield.o
digital_pin_to_bit_mask_PGM                       /Users/tmsasala/Development/personal/arduino/lib/Release/libDiecimilaCore.a(pins_arduino.o)
                                                  /Users/tmsasala/Development/personal/arduino/lib/Release/libDiecimilaCore.a(wiring_digital.o)
digital_pin_to_port_PGM                           /Users/tmsasala/Development/personal/arduino/lib/Release/libDiecimilaCore.a(pins_arduino.o)
                                                  /Users/tmsasala/Development/personal/arduino/lib/Release/libDiecimilaCore.a(wiring_digital.o)
digital_pin_to_timer_PGM                          /Users/tmsasala/Development/personal/arduino/lib/Release/libDiecimilaCore.a(pins_arduino.o)
                                                  /Users/tmsasala/Development/personal/arduino/lib/Release/libDiecimilaCore.a(wiring_digital.o)
exit                                              /usr/local/CrossPack-AVR-20090415/lib/gcc/avr/4.3.2/avr5/libgcc.a(_exit.o)
                                                  /usr/local/CrossPack-AVR-20090415/lib/gcc/avr/4.3.2/../../../../avr/lib/avr5/crtm328p.o
init                                              /Users/tmsasala/Development/personal/arduino/lib/Release/libDiecimilaCore.a(wiring.o)
main                                              /usr/local/CrossPack-AVR-20090415/lib/gcc/avr/4.3.2/../../../../avr/lib/avr5/crtm328p.o
micros                                            /Users/tmsasala/Development/personal/arduino/lib/Release/libDiecimilaCore.a(wiring.o)
millis                                            /Users/tmsasala/Development/personal/arduino/lib/Release/libDiecimilaCore.a(wiring.o)
pinMode                                           /Users/tmsasala/Development/personal/arduino/lib/Release/libDiecimilaCore.a(wiring_digital.o)
port_to_input_PGM                                 /Users/tmsasala/Development/personal/arduino/lib/Release/libDiecimilaCore.a(pins_arduino.o)
                                                  /Users/tmsasala/Development/personal/arduino/lib/Release/libDiecimilaCore.a(wiring_digital.o)
port_to_mode_PGM                                  /Users/tmsasala/Development/personal/arduino/lib/Release/libDiecimilaCore.a(pins_arduino.o)
                                                  /Users/tmsasala/Development/personal/arduino/lib/Release/libDiecimilaCore.a(wiring_digital.o)
port_to_output_PGM                                /Users/tmsasala/Development/personal/arduino/lib/Release/libDiecimilaCore.a(pins_arduino.o)
                                                  /Users/tmsasala/Development/personal/arduino/lib/Release/libDiecimilaCore.a(wiring_digital.o)
timer0_millis                                     /Users/tmsasala/Development/personal/arduino/lib/Release/libDiecimilaCore.a(wiring.o)
timer0_overflow_count                             /Users/tmsasala/Development/personal/arduino/lib/Release/libDiecimilaCore.a(wiring.o)
